// Jest Snapshot v1, https://goo.gl/fbAQLP

exports[`it handles snapshot testing 1`] = `
Array [
  Object {
    "text": "This domain is for use in illustrative examples in documents. You may use this domain in literature without prior coordination or asking for permission.",
  },
  Object {
    "text": "More information...",
  },
]
`;
