// Jest Snapshot v1, https://goo.gl/fbAQLP

exports[`it supports snapshot testing 1`] = `
Array [
  Object {
    "text": "Test 4",
  },
]
`;
