// Jest Snapshot v1, https://goo.gl/fbAQLP

exports[`matches snapshot 1`] = `
Object {
  "id": "test",
  "isHTMLElement": true,
}
`;

exports[`matches snapshot 2`] = `
Object {
  "accessKey": "",
  "autoCapitalize": undefined,
  "classNames": Array [],
  "contentEditable": true,
  "dataAttributes": DOMStringMap {},
  "dir": "",
  "draggable": false,
  "hidden": false,
  "id": "test",
  "inputMode": undefined,
  "lang": "",
  "spellcheck": undefined,
  "style": CSSStyleDeclaration {
    "_importants": Object {},
    "_length": 0,
    "_onChange": [Function],
    "_values": Object {},
  },
  "tabIndex": -1,
  "title": "",
}
`;
